// Bun Snapshot v1, https://bun.sh/docs/test/snapshots

exports[`SolidJS Renderer - Control Flow Components Combined Control Flow should be able to anchor to slot nodes 1`] = `
"┌─A─────────────────────┐
└───────────────────────┘
┌─B─────────────────────┐
└───────────────────────┘
                         
                         
                         
                         
                         
                         
"
`;
