// Bun Snapshot v1, https://bun.sh/docs/test/snapshots

exports[`SolidJS Renderer - Dynamic and Portal Components <Dynamic> Component should pass props correctly to dynamic components 1`] = `
"Updated text        
                    
                    
"
`;

exports[`SolidJS Renderer - Dynamic and Portal Components <Dynamic> + <Portal> Integration should handle Portal with Dynamic mount point 1`] = `
"Custom target                 
Dynamic mount content         
Static content                
                              
                              
                              
                              
                              
                              
                              
"
`;
